Archive member included because of file (symbol)

c:/program files (x86)/atmel/atmel studio 6.0/extensions/atmel/avrgcc/3.4.0.65/avrtoolchain/bin/../lib/gcc/avr/4.6.2/../../../../avr/lib/avr6\libm.a(addsf3.o)
                              GccApplication10.o (__subsf3)
c:/program files (x86)/atmel/atmel studio 6.0/extensions/atmel/avrgcc/3.4.0.65/avrtoolchain/bin/../lib/gcc/avr/4.6.2/../../../../avr/lib/avr6\libm.a(addsf3x.o)
                              c:/program files (x86)/atmel/atmel studio 6.0/extensions/atmel/avrgcc/3.4.0.65/avrtoolchain/bin/../lib/gcc/avr/4.6.2/../../../../avr/lib/avr6\libm.a(addsf3.o) (__addsf3x)
c:/program files (x86)/atmel/atmel studio 6.0/extensions/atmel/avrgcc/3.4.0.65/avrtoolchain/bin/../lib/gcc/avr/4.6.2/../../../../avr/lib/avr6\libm.a(atan.o)
                              GccApplication10.o (atan)
c:/program files (x86)/atmel/atmel studio 6.0/extensions/atmel/avrgcc/3.4.0.65/avrtoolchain/bin/../lib/gcc/avr/4.6.2/../../../../avr/lib/avr6\libm.a(cmpsf2.o)
                              GccApplication10.o (__ltsf2)
c:/program files (x86)/atmel/atmel studio 6.0/extensions/atmel/avrgcc/3.4.0.65/avrtoolchain/bin/../lib/gcc/avr/4.6.2/../../../../avr/lib/avr6\libm.a(divsf3.o)
                              GccApplication10.o (__divsf3)
c:/program files (x86)/atmel/atmel studio 6.0/extensions/atmel/avrgcc/3.4.0.65/avrtoolchain/bin/../lib/gcc/avr/4.6.2/../../../../avr/lib/avr6\libm.a(divsf3x.o)
                              c:/program files (x86)/atmel/atmel studio 6.0/extensions/atmel/avrgcc/3.4.0.65/avrtoolchain/bin/../lib/gcc/avr/4.6.2/../../../../avr/lib/avr6\libm.a(divsf3.o) (__divsf3x)
c:/program files (x86)/atmel/atmel studio 6.0/extensions/atmel/avrgcc/3.4.0.65/avrtoolchain/bin/../lib/gcc/avr/4.6.2/../../../../avr/lib/avr6\libm.a(fixsfsi.o)
                              GccApplication10.o (__fixsfsi)
c:/program files (x86)/atmel/atmel studio 6.0/extensions/atmel/avrgcc/3.4.0.65/avrtoolchain/bin/../lib/gcc/avr/4.6.2/../../../../avr/lib/avr6\libm.a(fixunssfsi.o)
                              GccApplication10.o (__fixunssfsi)
c:/program files (x86)/atmel/atmel studio 6.0/extensions/atmel/avrgcc/3.4.0.65/avrtoolchain/bin/../lib/gcc/avr/4.6.2/../../../../avr/lib/avr6\libm.a(floatsisf.o)
                              GccApplication10.o (__floatsisf)
c:/program files (x86)/atmel/atmel studio 6.0/extensions/atmel/avrgcc/3.4.0.65/avrtoolchain/bin/../lib/gcc/avr/4.6.2/../../../../avr/lib/avr6\libm.a(fp_cmp.o)
                              c:/program files (x86)/atmel/atmel studio 6.0/extensions/atmel/avrgcc/3.4.0.65/avrtoolchain/bin/../lib/gcc/avr/4.6.2/../../../../avr/lib/avr6\libm.a(cmpsf2.o) (__fp_cmp)
c:/program files (x86)/atmel/atmel studio 6.0/extensions/atmel/avrgcc/3.4.0.65/avrtoolchain/bin/../lib/gcc/avr/4.6.2/../../../../avr/lib/avr6\libm.a(fp_inf.o)
                              c:/program files (x86)/atmel/atmel studio 6.0/extensions/atmel/avrgcc/3.4.0.65/avrtoolchain/bin/../lib/gcc/avr/4.6.2/../../../../avr/lib/avr6\libm.a(addsf3x.o) (__fp_inf)
c:/program files (x86)/atmel/atmel studio 6.0/extensions/atmel/avrgcc/3.4.0.65/avrtoolchain/bin/../lib/gcc/avr/4.6.2/../../../../avr/lib/avr6\libm.a(fp_nan.o)
                              c:/program files (x86)/atmel/atmel studio 6.0/extensions/atmel/avrgcc/3.4.0.65/avrtoolchain/bin/../lib/gcc/avr/4.6.2/../../../../avr/lib/avr6\libm.a(addsf3x.o) (__fp_nan)
c:/program files (x86)/atmel/atmel studio 6.0/extensions/atmel/avrgcc/3.4.0.65/avrtoolchain/bin/../lib/gcc/avr/4.6.2/../../../../avr/lib/avr6\libm.a(fp_powser.o)
                              c:/program files (x86)/atmel/atmel studio 6.0/extensions/atmel/avrgcc/3.4.0.65/avrtoolchain/bin/../lib/gcc/avr/4.6.2/../../../../avr/lib/avr6\libm.a(atan.o) (__fp_powser)
c:/program files (x86)/atmel/atmel studio 6.0/extensions/atmel/avrgcc/3.4.0.65/avrtoolchain/bin/../lib/gcc/avr/4.6.2/../../../../avr/lib/avr6\libm.a(fp_pscA.o)
                              c:/program files (x86)/atmel/atmel studio 6.0/extensions/atmel/avrgcc/3.4.0.65/avrtoolchain/bin/../lib/gcc/avr/4.6.2/../../../../avr/lib/avr6\libm.a(addsf3x.o) (__fp_pscA)
c:/program files (x86)/atmel/atmel studio 6.0/extensions/atmel/avrgcc/3.4.0.65/avrtoolchain/bin/../lib/gcc/avr/4.6.2/../../../../avr/lib/avr6\libm.a(fp_pscB.o)
                              c:/program files (x86)/atmel/atmel studio 6.0/extensions/atmel/avrgcc/3.4.0.65/avrtoolchain/bin/../lib/gcc/avr/4.6.2/../../../../avr/lib/avr6\libm.a(addsf3x.o) (__fp_pscB)
c:/program files (x86)/atmel/atmel studio 6.0/extensions/atmel/avrgcc/3.4.0.65/avrtoolchain/bin/../lib/gcc/avr/4.6.2/../../../../avr/lib/avr6\libm.a(fp_round.o)
                              c:/program files (x86)/atmel/atmel studio 6.0/extensions/atmel/avrgcc/3.4.0.65/avrtoolchain/bin/../lib/gcc/avr/4.6.2/../../../../avr/lib/avr6\libm.a(addsf3.o) (__fp_round)
c:/program files (x86)/atmel/atmel studio 6.0/extensions/atmel/avrgcc/3.4.0.65/avrtoolchain/bin/../lib/gcc/avr/4.6.2/../../../../avr/lib/avr6\libm.a(fp_split3.o)
                              c:/program files (x86)/atmel/atmel studio 6.0/extensions/atmel/avrgcc/3.4.0.65/avrtoolchain/bin/../lib/gcc/avr/4.6.2/../../../../avr/lib/avr6\libm.a(addsf3x.o) (__fp_split3)
c:/program files (x86)/atmel/atmel studio 6.0/extensions/atmel/avrgcc/3.4.0.65/avrtoolchain/bin/../lib/gcc/avr/4.6.2/../../../../avr/lib/avr6\libm.a(fp_zero.o)
                              c:/program files (x86)/atmel/atmel studio 6.0/extensions/atmel/avrgcc/3.4.0.65/avrtoolchain/bin/../lib/gcc/avr/4.6.2/../../../../avr/lib/avr6\libm.a(addsf3x.o) (__fp_zero)
c:/program files (x86)/atmel/atmel studio 6.0/extensions/atmel/avrgcc/3.4.0.65/avrtoolchain/bin/../lib/gcc/avr/4.6.2/../../../../avr/lib/avr6\libm.a(gesf2.o)
                              GccApplication10.o (__gesf2)
c:/program files (x86)/atmel/atmel studio 6.0/extensions/atmel/avrgcc/3.4.0.65/avrtoolchain/bin/../lib/gcc/avr/4.6.2/../../../../avr/lib/avr6\libm.a(inverse.o)
                              c:/program files (x86)/atmel/atmel studio 6.0/extensions/atmel/avrgcc/3.4.0.65/avrtoolchain/bin/../lib/gcc/avr/4.6.2/../../../../avr/lib/avr6\libm.a(atan.o) (inverse)
c:/program files (x86)/atmel/atmel studio 6.0/extensions/atmel/avrgcc/3.4.0.65/avrtoolchain/bin/../lib/gcc/avr/4.6.2/../../../../avr/lib/avr6\libm.a(mulsf3.o)
                              GccApplication10.o (__mulsf3)
c:/program files (x86)/atmel/atmel studio 6.0/extensions/atmel/avrgcc/3.4.0.65/avrtoolchain/bin/../lib/gcc/avr/4.6.2/../../../../avr/lib/avr6\libm.a(mulsf3x.o)
                              c:/program files (x86)/atmel/atmel studio 6.0/extensions/atmel/avrgcc/3.4.0.65/avrtoolchain/bin/../lib/gcc/avr/4.6.2/../../../../avr/lib/avr6\libm.a(atan.o) (__mulsf3x)
c:/program files (x86)/atmel/atmel studio 6.0/extensions/atmel/avrgcc/3.4.0.65/avrtoolchain/bin/../lib/gcc/avr/4.6.2/../../../../avr/lib/avr6\libm.a(square.o)
                              c:/program files (x86)/atmel/atmel studio 6.0/extensions/atmel/avrgcc/3.4.0.65/avrtoolchain/bin/../lib/gcc/avr/4.6.2/../../../../avr/lib/avr6\libm.a(atan.o) (square)
c:/program files (x86)/atmel/atmel studio 6.0/extensions/atmel/avrgcc/3.4.0.65/avrtoolchain/bin/../lib/gcc/avr/4.6.2/avr6\libgcc.a(_udivmodhi4.o)
                              GccApplication10.o (__udivmodhi4)
c:/program files (x86)/atmel/atmel studio 6.0/extensions/atmel/avrgcc/3.4.0.65/avrtoolchain/bin/../lib/gcc/avr/4.6.2/avr6\libgcc.a(_divmodsi4.o)
                              GccApplication10.o (__divmodsi4)
c:/program files (x86)/atmel/atmel studio 6.0/extensions/atmel/avrgcc/3.4.0.65/avrtoolchain/bin/../lib/gcc/avr/4.6.2/avr6\libgcc.a(_exit.o)
                              c:/program files (x86)/atmel/atmel studio 6.0/extensions/atmel/avrgcc/3.4.0.65/avrtoolchain/bin/../lib/gcc/avr/4.6.2/../../../../avr/lib/avr6/crtm2560.o (exit)
c:/program files (x86)/atmel/atmel studio 6.0/extensions/atmel/avrgcc/3.4.0.65/avrtoolchain/bin/../lib/gcc/avr/4.6.2/avr6\libgcc.a(_copy_data.o)
                              GccApplication10.o (__do_copy_data)
c:/program files (x86)/atmel/atmel studio 6.0/extensions/atmel/avrgcc/3.4.0.65/avrtoolchain/bin/../lib/gcc/avr/4.6.2/avr6\libgcc.a(_clear_bss.o)
                              GccApplication10.o (__do_clear_bss)
c:/program files (x86)/atmel/atmel studio 6.0/extensions/atmel/avrgcc/3.4.0.65/avrtoolchain/bin/../lib/gcc/avr/4.6.2/avr6\libgcc.a(_udivmodsi4.o)
                              c:/program files (x86)/atmel/atmel studio 6.0/extensions/atmel/avrgcc/3.4.0.65/avrtoolchain/bin/../lib/gcc/avr/4.6.2/avr6\libgcc.a(_divmodsi4.o) (__udivmodsi4)

Allocating common symbols
Common symbol       size              file

kd                  0x4               GccApplication10.o
million             0x2               GccApplication10.o
temp                0x2               GccApplication10.o
i                   0x2               GccApplication10.o
tot_overflow        0x1               GccApplication10.o
Output              0x4               GccApplication10.o
tens                0x2               GccApplication10.o
ki                  0x4               GccApplication10.o
data                0x1               GccApplication10.o
hundred             0x2               GccApplication10.o
Input               0x4               GccApplication10.o
unit                0x2               GccApplication10.o
thousand            0x2               GccApplication10.o
kp                  0x4               GccApplication10.o

Memory Configuration

Name             Origin             Length             Attributes
text             0x00000000         0x00100000         xr
data             0x00800200         0x0000fe00         rw !x
eeprom           0x00810000         0x00010000         rw !x
fuse             0x00820000         0x00000400         rw !x
lock             0x00830000         0x00000400         rw !x
signature        0x00840000         0x00000400         rw !x
*default*        0x00000000         0xffffffff

Linker script and memory map

Address of section .data set to 0x800200
LOAD c:/program files (x86)/atmel/atmel studio 6.0/extensions/atmel/avrgcc/3.4.0.65/avrtoolchain/bin/../lib/gcc/avr/4.6.2/../../../../avr/lib/avr6/crtm2560.o
LOAD GccApplication10.o
START GROUP
LOAD c:/program files (x86)/atmel/atmel studio 6.0/extensions/atmel/avrgcc/3.4.0.65/avrtoolchain/bin/../lib/gcc/avr/4.6.2/../../../../avr/lib/avr6\libm.a
END GROUP
LOAD c:/program files (x86)/atmel/atmel studio 6.0/extensions/atmel/avrgcc/3.4.0.65/avrtoolchain/bin/../lib/gcc/avr/4.6.2/avr6\libgcc.a
LOAD c:/program files (x86)/atmel/atmel studio 6.0/extensions/atmel/avrgcc/3.4.0.65/avrtoolchain/bin/../lib/gcc/avr/4.6.2/../../../../avr/lib/avr6\libc.a
LOAD c:/program files (x86)/atmel/atmel studio 6.0/extensions/atmel/avrgcc/3.4.0.65/avrtoolchain/bin/../lib/gcc/avr/4.6.2/avr6\libgcc.a

.hash
 *(.hash)

.dynsym
 *(.dynsym)

.dynstr
 *(.dynstr)

.gnu.version
 *(.gnu.version)

.gnu.version_d
 *(.gnu.version_d)

.gnu.version_r
 *(.gnu.version_r)

.rel.init
 *(.rel.init)

.rela.init
 *(.rela.init)

.rel.text
 *(.rel.text)
 *(.rel.text.*)
 *(.rel.gnu.linkonce.t*)

.rela.text
 *(.rela.text)
 *(.rela.text.*)
 *(.rela.gnu.linkonce.t*)

.rel.fini
 *(.rel.fini)

.rela.fini
 *(.rela.fini)

.rel.rodata
 *(.rel.rodata)
 *(.rel.rodata.*)
 *(.rel.gnu.linkonce.r*)

.rela.rodata
 *(.rela.rodata)
 *(.rela.rodata.*)
 *(.rela.gnu.linkonce.r*)

.rel.data
 *(.rel.data)
 *(.rel.data.*)
 *(.rel.gnu.linkonce.d*)

.rela.data
 *(.rela.data)
 *(.rela.data.*)
 *(.rela.gnu.linkonce.d*)

.rel.ctors
 *(.rel.ctors)

.rela.ctors
 *(.rela.ctors)

.rel.dtors
 *(.rel.dtors)

.rela.dtors
 *(.rela.dtors)

.rel.got
 *(.rel.got)

.rela.got
 *(.rela.got)

.rel.bss
 *(.rel.bss)

.rela.bss
 *(.rela.bss)

.rel.plt
 *(.rel.plt)

.rela.plt
 *(.rela.plt)

.text           0x00000000     0x15f4
 *(.vectors)
 .vectors       0x00000000       0xe4 c:/program files (x86)/atmel/atmel studio 6.0/extensions/atmel/avrgcc/3.4.0.65/avrtoolchain/bin/../lib/gcc/avr/4.6.2/../../../../avr/lib/avr6/crtm2560.o
                0x00000000                __vector_default
                0x00000000                __vectors
 *(.vectors)
 *(.progmem.gcc*)
 .progmem.gcc_fplib
                0x000000e4       0x2d c:/program files (x86)/atmel/atmel studio 6.0/extensions/atmel/avrgcc/3.4.0.65/avrtoolchain/bin/../lib/gcc/avr/4.6.2/../../../../avr/lib/avr6\libm.a(atan.o)
 *(.progmem*)
                0x00000112                . = ALIGN (0x2)
 *fill*         0x00000111        0x1 00
                0x00000112                __trampolines_start = .
 *(.trampolines)
 .trampolines   0x00000112        0x0 linker stubs
 *(.trampolines*)
                0x00000112                __trampolines_end = .
 *(.jumptables)
 *(.jumptables*)
 *(.lowtext)
 *(.lowtext*)
                0x00000112                __ctors_start = .
 *(.ctors)
                0x00000112                __ctors_end = .
                0x00000112                __dtors_start = .
 *(.dtors)
                0x00000112                __dtors_end = .
 SORT(*)(.ctors)
 SORT(*)(.dtors)
 *(.init0)
 .init0         0x00000112        0x0 c:/program files (x86)/atmel/atmel studio 6.0/extensions/atmel/avrgcc/3.4.0.65/avrtoolchain/bin/../lib/gcc/avr/4.6.2/../../../../avr/lib/avr6/crtm2560.o
                0x00000112                __init
 *(.init0)
 *(.init1)
 *(.init1)
 *(.init2)
 .init2         0x00000112       0x10 c:/program files (x86)/atmel/atmel studio 6.0/extensions/atmel/avrgcc/3.4.0.65/avrtoolchain/bin/../lib/gcc/avr/4.6.2/../../../../avr/lib/avr6/crtm2560.o
 *(.init2)
 *(.init3)
 *(.init3)
 *(.init4)
 .init4         0x00000122       0x1a c:/program files (x86)/atmel/atmel studio 6.0/extensions/atmel/avrgcc/3.4.0.65/avrtoolchain/bin/../lib/gcc/avr/4.6.2/avr6\libgcc.a(_copy_data.o)
                0x00000122                __do_copy_data
 .init4         0x0000013c       0x10 c:/program files (x86)/atmel/atmel studio 6.0/extensions/atmel/avrgcc/3.4.0.65/avrtoolchain/bin/../lib/gcc/avr/4.6.2/avr6\libgcc.a(_clear_bss.o)
                0x0000013c                __do_clear_bss
 *(.init4)
 *(.init5)
 *(.init5)
 *(.init6)
 *(.init6)
 *(.init7)
 *(.init7)
 *(.init8)
 *(.init8)
 *(.init9)
 .init9         0x0000014c        0x8 c:/program files (x86)/atmel/atmel studio 6.0/extensions/atmel/avrgcc/3.4.0.65/avrtoolchain/bin/../lib/gcc/avr/4.6.2/../../../../avr/lib/avr6/crtm2560.o
 *(.init9)
 *(.text)
 .text          0x00000154        0x4 c:/program files (x86)/atmel/atmel studio 6.0/extensions/atmel/avrgcc/3.4.0.65/avrtoolchain/bin/../lib/gcc/avr/4.6.2/../../../../avr/lib/avr6/crtm2560.o
                0x00000154                __vector_38
                0x00000154                __vector_22
                0x00000154                __vector_28
                0x00000154                __vector_1
                0x00000154                __vector_32
                0x00000154                __vector_34
                0x00000154                __vector_24
                0x00000154                __vector_12
                0x00000154                __vector_55
                0x00000154                __vector_46
                0x00000154                __bad_interrupt
                0x00000154                __vector_6
                0x00000154                __vector_31
                0x00000154                __vector_35
                0x00000154                __vector_39
                0x00000154                __vector_3
                0x00000154                __vector_23
                0x00000154                __vector_30
                0x00000154                __vector_11
                0x00000154                __vector_54
                0x00000154                __vector_13
                0x00000154                __vector_17
                0x00000154                __vector_19
                0x00000154                __vector_56
                0x00000154                __vector_7
                0x00000154                __vector_49
                0x00000154                __vector_41
                0x00000154                __vector_43
                0x00000154                __vector_27
                0x00000154                __vector_5
                0x00000154                __vector_33
                0x00000154                __vector_47
                0x00000154                __vector_52
                0x00000154                __vector_37
                0x00000154                __vector_4
                0x00000154                __vector_44
                0x00000154                __vector_51
                0x00000154                __vector_9
                0x00000154                __vector_2
                0x00000154                __vector_21
                0x00000154                __vector_15
                0x00000154                __vector_36
                0x00000154                __vector_29
                0x00000154                __vector_40
                0x00000154                __vector_8
                0x00000154                __vector_26
                0x00000154                __vector_48
                0x00000154                __vector_14
                0x00000154                __vector_53
                0x00000154                __vector_10
                0x00000154                __vector_50
                0x00000154                __vector_16
                0x00000154                __vector_18
                0x00000154                __vector_20
                0x00000154                __vector_42
 .text          0x00000158      0xf12 GccApplication10.o
                0x00000158                timer4_init
                0x0000019c                __vector_45
                0x000001ca                start_timer4
                0x000001da                millis
                0x00000222                lcd_set_4bit
                0x000002a8                lcd_wr_command
                0x000002f2                lcd_init
                0x0000031c                lcd_wr_char
                0x00000366                lcd_home
                0x0000036e                lcd_string
                0x0000038c                lcd_cursor
                0x000003cc                lcd_print
                0x000004e6                display_clear
                0x000004ee                lcd_port_config
                0x000004fc                twi_init
                0x00000516                write_byte
                0x0000059c                read_byte
                0x00000626                init_devices
                0x0000063c                pr_int
                0x000006a4                sign
                0x000006a6                init_adxl
                0x000006bc                acc_angle
                0x00000772                Compute
                0x00000a32                uart0_init
                0x00000a52                __vector_25
                0x00000d6c                motion_pin_config
                0x00000d8e                port_init
                0x00000d94                timer5_init
                0x00000dc6                set_PWM_value
                0x00000dd8                motion_set
                0x00000de6                forward
                0x00000dee                back
                0x00000df6                left
                0x00000dfe                right
                0x00000e06                soft_left
                0x00000e0e                soft_right
                0x00000e16                soft_left_2
                0x00000e1e                soft_right_2
                0x00000e26                stop
                0x00000e2e                init_devices1
                0x00000e48                min
                0x00000e74                SetTunings
                0x00000ece                main
 .text          0x0000106a        0x0 c:/program files (x86)/atmel/atmel studio 6.0/extensions/atmel/avrgcc/3.4.0.65/avrtoolchain/bin/../lib/gcc/avr/4.6.2/../../../../avr/lib/avr6\libm.a(addsf3.o)
 .text          0x0000106a        0x0 c:/program files (x86)/atmel/atmel studio 6.0/extensions/atmel/avrgcc/3.4.0.65/avrtoolchain/bin/../lib/gcc/avr/4.6.2/../../../../avr/lib/avr6\libm.a(addsf3x.o)
 .text          0x0000106a        0x0 c:/program files (x86)/atmel/atmel studio 6.0/extensions/atmel/avrgcc/3.4.0.65/avrtoolchain/bin/../lib/gcc/avr/4.6.2/../../../../avr/lib/avr6\libm.a(atan.o)
 .text          0x0000106a        0x0 c:/program files (x86)/atmel/atmel studio 6.0/extensions/atmel/avrgcc/3.4.0.65/avrtoolchain/bin/../lib/gcc/avr/4.6.2/../../../../avr/lib/avr6\libm.a(cmpsf2.o)
 .text          0x0000106a        0x0 c:/program files (x86)/atmel/atmel studio 6.0/extensions/atmel/avrgcc/3.4.0.65/avrtoolchain/bin/../lib/gcc/avr/4.6.2/../../../../avr/lib/avr6\libm.a(divsf3.o)
 .text          0x0000106a        0x0 c:/program files (x86)/atmel/atmel studio 6.0/extensions/atmel/avrgcc/3.4.0.65/avrtoolchain/bin/../lib/gcc/avr/4.6.2/../../../../avr/lib/avr6\libm.a(divsf3x.o)
 .text          0x0000106a        0x0 c:/program files (x86)/atmel/atmel studio 6.0/extensions/atmel/avrgcc/3.4.0.65/avrtoolchain/bin/../lib/gcc/avr/4.6.2/../../../../avr/lib/avr6\libm.a(fixsfsi.o)
 .text          0x0000106a        0x0 c:/program files (x86)/atmel/atmel studio 6.0/extensions/atmel/avrgcc/3.4.0.65/avrtoolchain/bin/../lib/gcc/avr/4.6.2/../../../../avr/lib/avr6\libm.a(fixunssfsi.o)
 .text          0x0000106a        0x0 c:/program files (x86)/atmel/atmel studio 6.0/extensions/atmel/avrgcc/3.4.0.65/avrtoolchain/bin/../lib/gcc/avr/4.6.2/../../../../avr/lib/avr6\libm.a(floatsisf.o)
 .text          0x0000106a        0x0 c:/program files (x86)/atmel/atmel studio 6.0/extensions/atmel/avrgcc/3.4.0.65/avrtoolchain/bin/../lib/gcc/avr/4.6.2/../../../../avr/lib/avr6\libm.a(fp_cmp.o)
 .text          0x0000106a        0x0 c:/program files (x86)/atmel/atmel studio 6.0/extensions/atmel/avrgcc/3.4.0.65/avrtoolchain/bin/../lib/gcc/avr/4.6.2/../../../../avr/lib/avr6\libm.a(fp_inf.o)
 .text          0x0000106a        0x0 c:/program files (x86)/atmel/atmel studio 6.0/extensions/atmel/avrgcc/3.4.0.65/avrtoolchain/bin/../lib/gcc/avr/4.6.2/../../../../avr/lib/avr6\libm.a(fp_nan.o)
 .text          0x0000106a        0x0 c:/program files (x86)/atmel/atmel studio 6.0/extensions/atmel/avrgcc/3.4.0.65/avrtoolchain/bin/../lib/gcc/avr/4.6.2/../../../../avr/lib/avr6\libm.a(fp_powser.o)
 .text          0x0000106a        0x0 c:/program files (x86)/atmel/atmel studio 6.0/extensions/atmel/avrgcc/3.4.0.65/avrtoolchain/bin/../lib/gcc/avr/4.6.2/../../../../avr/lib/avr6\libm.a(fp_pscA.o)
 .text          0x0000106a        0x0 c:/program files (x86)/atmel/atmel studio 6.0/extensions/atmel/avrgcc/3.4.0.65/avrtoolchain/bin/../lib/gcc/avr/4.6.2/../../../../avr/lib/avr6\libm.a(fp_pscB.o)
 .text          0x0000106a        0x0 c:/program files (x86)/atmel/atmel studio 6.0/extensions/atmel/avrgcc/3.4.0.65/avrtoolchain/bin/../lib/gcc/avr/4.6.2/../../../../avr/lib/avr6\libm.a(fp_round.o)
 .text          0x0000106a        0x0 c:/program files (x86)/atmel/atmel studio 6.0/extensions/atmel/avrgcc/3.4.0.65/avrtoolchain/bin/../lib/gcc/avr/4.6.2/../../../../avr/lib/avr6\libm.a(fp_split3.o)
 .text          0x0000106a        0x0 c:/program files (x86)/atmel/atmel studio 6.0/extensions/atmel/avrgcc/3.4.0.65/avrtoolchain/bin/../lib/gcc/avr/4.6.2/../../../../avr/lib/avr6\libm.a(fp_zero.o)
 .text          0x0000106a        0x0 c:/program files (x86)/atmel/atmel studio 6.0/extensions/atmel/avrgcc/3.4.0.65/avrtoolchain/bin/../lib/gcc/avr/4.6.2/../../../../avr/lib/avr6\libm.a(gesf2.o)
 .text          0x0000106a        0x0 c:/program files (x86)/atmel/atmel studio 6.0/extensions/atmel/avrgcc/3.4.0.65/avrtoolchain/bin/../lib/gcc/avr/4.6.2/../../../../avr/lib/avr6\libm.a(inverse.o)
 .text          0x0000106a        0x0 c:/program files (x86)/atmel/atmel studio 6.0/extensions/atmel/avrgcc/3.4.0.65/avrtoolchain/bin/../lib/gcc/avr/4.6.2/../../../../avr/lib/avr6\libm.a(mulsf3.o)
 .text          0x0000106a        0x0 c:/program files (x86)/atmel/atmel studio 6.0/extensions/atmel/avrgcc/3.4.0.65/avrtoolchain/bin/../lib/gcc/avr/4.6.2/../../../../avr/lib/avr6\libm.a(mulsf3x.o)
 .text          0x0000106a        0x0 c:/program files (x86)/atmel/atmel studio 6.0/extensions/atmel/avrgcc/3.4.0.65/avrtoolchain/bin/../lib/gcc/avr/4.6.2/../../../../avr/lib/avr6\libm.a(square.o)
 .text          0x0000106a        0x0 c:/program files (x86)/atmel/atmel studio 6.0/extensions/atmel/avrgcc/3.4.0.65/avrtoolchain/bin/../lib/gcc/avr/4.6.2/avr6\libgcc.a(_udivmodhi4.o)
 .text          0x0000106a        0x0 c:/program files (x86)/atmel/atmel studio 6.0/extensions/atmel/avrgcc/3.4.0.65/avrtoolchain/bin/../lib/gcc/avr/4.6.2/avr6\libgcc.a(_divmodsi4.o)
 .text          0x0000106a        0x0 c:/program files (x86)/atmel/atmel studio 6.0/extensions/atmel/avrgcc/3.4.0.65/avrtoolchain/bin/../lib/gcc/avr/4.6.2/avr6\libgcc.a(_exit.o)
 .text          0x0000106a        0x0 c:/program files (x86)/atmel/atmel studio 6.0/extensions/atmel/avrgcc/3.4.0.65/avrtoolchain/bin/../lib/gcc/avr/4.6.2/avr6\libgcc.a(_copy_data.o)
 .text          0x0000106a        0x0 c:/program files (x86)/atmel/atmel studio 6.0/extensions/atmel/avrgcc/3.4.0.65/avrtoolchain/bin/../lib/gcc/avr/4.6.2/avr6\libgcc.a(_clear_bss.o)
 .text          0x0000106a        0x0 c:/program files (x86)/atmel/atmel studio 6.0/extensions/atmel/avrgcc/3.4.0.65/avrtoolchain/bin/../lib/gcc/avr/4.6.2/avr6\libgcc.a(_udivmodsi4.o)
                0x0000106a                . = ALIGN (0x2)
 *(.text.*)
 .text.avr-libc.fplib
                0x0000106a        0xa c:/program files (x86)/atmel/atmel studio 6.0/extensions/atmel/avrgcc/3.4.0.65/avrtoolchain/bin/../lib/gcc/avr/4.6.2/../../../../avr/lib/avr6\libm.a(addsf3.o)
                0x0000106a                __subsf3
                0x0000106c                __addsf3
 .text.avr-libc.fplib
                0x00001074       0xc0 c:/program files (x86)/atmel/atmel studio 6.0/extensions/atmel/avrgcc/3.4.0.65/avrtoolchain/bin/../lib/gcc/avr/4.6.2/../../../../avr/lib/avr6\libm.a(addsf3x.o)
                0x0000108e                __addsf3x
 .text.avr-libc.fplib
                0x00001134       0x50 c:/program files (x86)/atmel/atmel studio 6.0/extensions/atmel/avrgcc/3.4.0.65/avrtoolchain/bin/../lib/gcc/avr/4.6.2/../../../../avr/lib/avr6\libm.a(atan.o)
                0x00001134                atan
 .text.avr-libc.fplib
                0x00001184        0x8 c:/program files (x86)/atmel/atmel studio 6.0/extensions/atmel/avrgcc/3.4.0.65/avrtoolchain/bin/../lib/gcc/avr/4.6.2/../../../../avr/lib/avr6\libm.a(cmpsf2.o)
                0x00001184                __nesf2
                0x00001184                __eqsf2
                0x00001184                __cmpsf2
                0x00001184                __ltsf2
                0x00001184                __lesf2
 .text.avr-libc.fplib
                0x0000118c        0x4 c:/program files (x86)/atmel/atmel studio 6.0/extensions/atmel/avrgcc/3.4.0.65/avrtoolchain/bin/../lib/gcc/avr/4.6.2/../../../../avr/lib/avr6\libm.a(divsf3.o)
                0x0000118c                __divsf3
 .text.avr-libc.fplib
                0x00001190       0xcc c:/program files (x86)/atmel/atmel studio 6.0/extensions/atmel/avrgcc/3.4.0.65/avrtoolchain/bin/../lib/gcc/avr/4.6.2/../../../../avr/lib/avr6\libm.a(divsf3x.o)
                0x000011a6                __divsf3x
                0x000011aa                __divsf3_pse
 .text.avr-libc.fplib
                0x0000125c        0xa c:/program files (x86)/atmel/atmel studio 6.0/extensions/atmel/avrgcc/3.4.0.65/avrtoolchain/bin/../lib/gcc/avr/4.6.2/../../../../avr/lib/avr6\libm.a(fixsfsi.o)
                0x0000125c                __fixsfsi
 .text.avr-libc.fplib
                0x00001266       0x58 c:/program files (x86)/atmel/atmel studio 6.0/extensions/atmel/avrgcc/3.4.0.65/avrtoolchain/bin/../lib/gcc/avr/4.6.2/../../../../avr/lib/avr6\libm.a(fixunssfsi.o)
                0x00001266                __fixunssfsi
 .text.avr-libc.fplib
                0x000012be       0x7a c:/program files (x86)/atmel/atmel studio 6.0/extensions/atmel/avrgcc/3.4.0.65/avrtoolchain/bin/../lib/gcc/avr/4.6.2/../../../../avr/lib/avr6\libm.a(floatsisf.o)
                0x000012be                __floatunsisf
                0x000012c2                __floatsisf
 .text.avr-libc.fplib
                0x00001338       0x48 c:/program files (x86)/atmel/atmel studio 6.0/extensions/atmel/avrgcc/3.4.0.65/avrtoolchain/bin/../lib/gcc/avr/4.6.2/../../../../avr/lib/avr6\libm.a(fp_cmp.o)
                0x00001338                __fp_cmp
 .text.avr-libc.fplib
                0x00001380        0xc c:/program files (x86)/atmel/atmel studio 6.0/extensions/atmel/avrgcc/3.4.0.65/avrtoolchain/bin/../lib/gcc/avr/4.6.2/../../../../avr/lib/avr6\libm.a(fp_inf.o)
                0x00001380                __fp_inf
 .text.avr-libc.fplib
                0x0000138c        0x6 c:/program files (x86)/atmel/atmel studio 6.0/extensions/atmel/avrgcc/3.4.0.65/avrtoolchain/bin/../lib/gcc/avr/4.6.2/../../../../avr/lib/avr6\libm.a(fp_nan.o)
                0x0000138c                __fp_nan
 .text.avr-libc.fplib
                0x00001392       0x4a c:/program files (x86)/atmel/atmel studio 6.0/extensions/atmel/avrgcc/3.4.0.65/avrtoolchain/bin/../lib/gcc/avr/4.6.2/../../../../avr/lib/avr6\libm.a(fp_powser.o)
                0x00001392                __fp_powser
 .text.avr-libc.fplib
                0x000013dc        0xe c:/program files (x86)/atmel/atmel studio 6.0/extensions/atmel/avrgcc/3.4.0.65/avrtoolchain/bin/../lib/gcc/avr/4.6.2/../../../../avr/lib/avr6\libm.a(fp_pscA.o)
                0x000013dc                __fp_pscA
 .text.avr-libc.fplib
                0x000013ea        0xe c:/program files (x86)/atmel/atmel studio 6.0/extensions/atmel/avrgcc/3.4.0.65/avrtoolchain/bin/../lib/gcc/avr/4.6.2/../../../../avr/lib/avr6\libm.a(fp_pscB.o)
                0x000013ea                __fp_pscB
 .text.avr-libc.fplib
                0x000013f8       0x22 c:/program files (x86)/atmel/atmel studio 6.0/extensions/atmel/avrgcc/3.4.0.65/avrtoolchain/bin/../lib/gcc/avr/4.6.2/../../../../avr/lib/avr6\libm.a(fp_round.o)
                0x000013f8                __fp_round
 .text.avr-libc.fplib
                0x0000141a       0x44 c:/program files (x86)/atmel/atmel studio 6.0/extensions/atmel/avrgcc/3.4.0.65/avrtoolchain/bin/../lib/gcc/avr/4.6.2/../../../../avr/lib/avr6\libm.a(fp_split3.o)
                0x0000141a                __fp_split3
                0x0000142a                __fp_splitA
 .text.avr-libc.fplib
                0x0000145e        0xe c:/program files (x86)/atmel/atmel studio 6.0/extensions/atmel/avrgcc/3.4.0.65/avrtoolchain/bin/../lib/gcc/avr/4.6.2/../../../../avr/lib/avr6\libm.a(fp_zero.o)
                0x0000145e                __fp_zero
                0x00001460                __fp_szero
 .text.avr-libc.fplib
                0x0000146c        0x8 c:/program files (x86)/atmel/atmel studio 6.0/extensions/atmel/avrgcc/3.4.0.65/avrtoolchain/bin/../lib/gcc/avr/4.6.2/../../../../avr/lib/avr6\libm.a(gesf2.o)
                0x0000146c                __gesf2
                0x0000146c                __gtsf2
 .text.avr-libc.fplib
                0x00001474        0xe c:/program files (x86)/atmel/atmel studio 6.0/extensions/atmel/avrgcc/3.4.0.65/avrtoolchain/bin/../lib/gcc/avr/4.6.2/../../../../avr/lib/avr6\libm.a(inverse.o)
                0x00001474                inverse
 .text.avr-libc.fplib
                0x00001482        0x4 c:/program files (x86)/atmel/atmel studio 6.0/extensions/atmel/avrgcc/3.4.0.65/avrtoolchain/bin/../lib/gcc/avr/4.6.2/../../../../avr/lib/avr6\libm.a(mulsf3.o)
                0x00001482                __mulsf3
 .text.avr-libc.fplib
                0x00001486       0xc2 c:/program files (x86)/atmel/atmel studio 6.0/extensions/atmel/avrgcc/3.4.0.65/avrtoolchain/bin/../lib/gcc/avr/4.6.2/../../../../avr/lib/avr6\libm.a(mulsf3x.o)
                0x0000149a                __mulsf3x
                0x0000149e                __mulsf3_pse
 .text.avr-libc.fplib
                0x00001548        0x6 c:/program files (x86)/atmel/atmel studio 6.0/extensions/atmel/avrgcc/3.4.0.65/avrtoolchain/bin/../lib/gcc/avr/4.6.2/../../../../avr/lib/avr6\libm.a(square.o)
                0x00001548                square
 .text.libgcc   0x0000154e       0x28 c:/program files (x86)/atmel/atmel studio 6.0/extensions/atmel/avrgcc/3.4.0.65/avrtoolchain/bin/../lib/gcc/avr/4.6.2/avr6\libgcc.a(_udivmodhi4.o)
                0x0000154e                __udivmodhi4
 .text.libgcc   0x00001576       0x36 c:/program files (x86)/atmel/atmel studio 6.0/extensions/atmel/avrgcc/3.4.0.65/avrtoolchain/bin/../lib/gcc/avr/4.6.2/avr6\libgcc.a(_divmodsi4.o)
                0x00001576                __divmodsi4
 .text.libgcc   0x000015ac        0x0 c:/program files (x86)/atmel/atmel studio 6.0/extensions/atmel/avrgcc/3.4.0.65/avrtoolchain/bin/../lib/gcc/avr/4.6.2/avr6\libgcc.a(_exit.o)
 .text.libgcc   0x000015ac        0x0 c:/program files (x86)/atmel/atmel studio 6.0/extensions/atmel/avrgcc/3.4.0.65/avrtoolchain/bin/../lib/gcc/avr/4.6.2/avr6\libgcc.a(_copy_data.o)
 .text.libgcc   0x000015ac        0x0 c:/program files (x86)/atmel/atmel studio 6.0/extensions/atmel/avrgcc/3.4.0.65/avrtoolchain/bin/../lib/gcc/avr/4.6.2/avr6\libgcc.a(_clear_bss.o)
 .text.libgcc   0x000015ac       0x44 c:/program files (x86)/atmel/atmel studio 6.0/extensions/atmel/avrgcc/3.4.0.65/avrtoolchain/bin/../lib/gcc/avr/4.6.2/avr6\libgcc.a(_udivmodsi4.o)
                0x000015ac                __udivmodsi4
                0x000015f0                . = ALIGN (0x2)
 *(.fini9)
 .fini9         0x000015f0        0x0 c:/program files (x86)/atmel/atmel studio 6.0/extensions/atmel/avrgcc/3.4.0.65/avrtoolchain/bin/../lib/gcc/avr/4.6.2/avr6\libgcc.a(_exit.o)
                0x000015f0                _exit
                0x000015f0                exit
 *(.fini9)
 *(.fini8)
 *(.fini8)
 *(.fini7)
 *(.fini7)
 *(.fini6)
 *(.fini6)
 *(.fini5)
 *(.fini5)
 *(.fini4)
 *(.fini4)
 *(.fini3)
 *(.fini3)
 *(.fini2)
 *(.fini2)
 *(.fini1)
 *(.fini1)
 *(.fini0)
 .fini0         0x000015f0        0x4 c:/program files (x86)/atmel/atmel studio 6.0/extensions/atmel/avrgcc/3.4.0.65/avrtoolchain/bin/../lib/gcc/avr/4.6.2/avr6\libgcc.a(_exit.o)
 *(.fini0)
                0x000015f4                _etext = .

.data           0x00800200        0xc load address 0x000015f4
                0x00800200                PROVIDE (__data_start, .)
 *(.data)
 .data          0x00800200        0x0 c:/program files (x86)/atmel/atmel studio 6.0/extensions/atmel/avrgcc/3.4.0.65/avrtoolchain/bin/../lib/gcc/avr/4.6.2/../../../../avr/lib/avr6/crtm2560.o
 .data          0x00800200        0xc GccApplication10.o
                0x00800204                outMin
                0x00800208                outMax
 .data          0x0080020c        0x0 c:/program files (x86)/atmel/atmel studio 6.0/extensions/atmel/avrgcc/3.4.0.65/avrtoolchain/bin/../lib/gcc/avr/4.6.2/../../../../avr/lib/avr6\libm.a(addsf3.o)
 .data          0x0080020c        0x0 c:/program files (x86)/atmel/atmel studio 6.0/extensions/atmel/avrgcc/3.4.0.65/avrtoolchain/bin/../lib/gcc/avr/4.6.2/../../../../avr/lib/avr6\libm.a(addsf3x.o)
 .data          0x0080020c        0x0 c:/program files (x86)/atmel/atmel studio 6.0/extensions/atmel/avrgcc/3.4.0.65/avrtoolchain/bin/../lib/gcc/avr/4.6.2/../../../../avr/lib/avr6\libm.a(atan.o)
 .data          0x0080020c        0x0 c:/program files (x86)/atmel/atmel studio 6.0/extensions/atmel/avrgcc/3.4.0.65/avrtoolchain/bin/../lib/gcc/avr/4.6.2/../../../../avr/lib/avr6\libm.a(cmpsf2.o)
 .data          0x0080020c        0x0 c:/program files (x86)/atmel/atmel studio 6.0/extensions/atmel/avrgcc/3.4.0.65/avrtoolchain/bin/../lib/gcc/avr/4.6.2/../../../../avr/lib/avr6\libm.a(divsf3.o)
 .data          0x0080020c        0x0 c:/program files (x86)/atmel/atmel studio 6.0/extensions/atmel/avrgcc/3.4.0.65/avrtoolchain/bin/../lib/gcc/avr/4.6.2/../../../../avr/lib/avr6\libm.a(divsf3x.o)
 .data          0x0080020c        0x0 c:/program files (x86)/atmel/atmel studio 6.0/extensions/atmel/avrgcc/3.4.0.65/avrtoolchain/bin/../lib/gcc/avr/4.6.2/../../../../avr/lib/avr6\libm.a(fixsfsi.o)
 .data          0x0080020c        0x0 c:/program files (x86)/atmel/atmel studio 6.0/extensions/atmel/avrgcc/3.4.0.65/avrtoolchain/bin/../lib/gcc/avr/4.6.2/../../../../avr/lib/avr6\libm.a(fixunssfsi.o)
 .data          0x0080020c        0x0 c:/program files (x86)/atmel/atmel studio 6.0/extensions/atmel/avrgcc/3.4.0.65/avrtoolchain/bin/../lib/gcc/avr/4.6.2/../../../../avr/lib/avr6\libm.a(floatsisf.o)
 .data          0x0080020c        0x0 c:/program files (x86)/atmel/atmel studio 6.0/extensions/atmel/avrgcc/3.4.0.65/avrtoolchain/bin/../lib/gcc/avr/4.6.2/../../../../avr/lib/avr6\libm.a(fp_cmp.o)
 .data          0x0080020c        0x0 c:/program files (x86)/atmel/atmel studio 6.0/extensions/atmel/avrgcc/3.4.0.65/avrtoolchain/bin/../lib/gcc/avr/4.6.2/../../../../avr/lib/avr6\libm.a(fp_inf.o)
 .data          0x0080020c        0x0 c:/program files (x86)/atmel/atmel studio 6.0/extensions/atmel/avrgcc/3.4.0.65/avrtoolchain/bin/../lib/gcc/avr/4.6.2/../../../../avr/lib/avr6\libm.a(fp_nan.o)
 .data          0x0080020c        0x0 c:/program files (x86)/atmel/atmel studio 6.0/extensions/atmel/avrgcc/3.4.0.65/avrtoolchain/bin/../lib/gcc/avr/4.6.2/../../../../avr/lib/avr6\libm.a(fp_powser.o)
 .data          0x0080020c        0x0 c:/program files (x86)/atmel/atmel studio 6.0/extensions/atmel/avrgcc/3.4.0.65/avrtoolchain/bin/../lib/gcc/avr/4.6.2/../../../../avr/lib/avr6\libm.a(fp_pscA.o)
 .data          0x0080020c        0x0 c:/program files (x86)/atmel/atmel studio 6.0/extensions/atmel/avrgcc/3.4.0.65/avrtoolchain/bin/../lib/gcc/avr/4.6.2/../../../../avr/lib/avr6\libm.a(fp_pscB.o)
 .data          0x0080020c        0x0 c:/program files (x86)/atmel/atmel studio 6.0/extensions/atmel/avrgcc/3.4.0.65/avrtoolchain/bin/../lib/gcc/avr/4.6.2/../../../../avr/lib/avr6\libm.a(fp_round.o)
 .data          0x0080020c        0x0 c:/program files (x86)/atmel/atmel studio 6.0/extensions/atmel/avrgcc/3.4.0.65/avrtoolchain/bin/../lib/gcc/avr/4.6.2/../../../../avr/lib/avr6\libm.a(fp_split3.o)
 .data          0x0080020c        0x0 c:/program files (x86)/atmel/atmel studio 6.0/extensions/atmel/avrgcc/3.4.0.65/avrtoolchain/bin/../lib/gcc/avr/4.6.2/../../../../avr/lib/avr6\libm.a(fp_zero.o)
 .data          0x0080020c        0x0 c:/program files (x86)/atmel/atmel studio 6.0/extensions/atmel/avrgcc/3.4.0.65/avrtoolchain/bin/../lib/gcc/avr/4.6.2/../../../../avr/lib/avr6\libm.a(gesf2.o)
 .data          0x0080020c        0x0 c:/program files (x86)/atmel/atmel studio 6.0/extensions/atmel/avrgcc/3.4.0.65/avrtoolchain/bin/../lib/gcc/avr/4.6.2/../../../../avr/lib/avr6\libm.a(inverse.o)
 .data          0x0080020c        0x0 c:/program files (x86)/atmel/atmel studio 6.0/extensions/atmel/avrgcc/3.4.0.65/avrtoolchain/bin/../lib/gcc/avr/4.6.2/../../../../avr/lib/avr6\libm.a(mulsf3.o)
 .data          0x0080020c        0x0 c:/program files (x86)/atmel/atmel studio 6.0/extensions/atmel/avrgcc/3.4.0.65/avrtoolchain/bin/../lib/gcc/avr/4.6.2/../../../../avr/lib/avr6\libm.a(mulsf3x.o)
 .data          0x0080020c        0x0 c:/program files (x86)/atmel/atmel studio 6.0/extensions/atmel/avrgcc/3.4.0.65/avrtoolchain/bin/../lib/gcc/avr/4.6.2/../../../../avr/lib/avr6\libm.a(square.o)
 .data          0x0080020c        0x0 c:/program files (x86)/atmel/atmel studio 6.0/extensions/atmel/avrgcc/3.4.0.65/avrtoolchain/bin/../lib/gcc/avr/4.6.2/avr6\libgcc.a(_udivmodhi4.o)
 .data          0x0080020c        0x0 c:/program files (x86)/atmel/atmel studio 6.0/extensions/atmel/avrgcc/3.4.0.65/avrtoolchain/bin/../lib/gcc/avr/4.6.2/avr6\libgcc.a(_divmodsi4.o)
 .data          0x0080020c        0x0 c:/program files (x86)/atmel/atmel studio 6.0/extensions/atmel/avrgcc/3.4.0.65/avrtoolchain/bin/../lib/gcc/avr/4.6.2/avr6\libgcc.a(_exit.o)
 .data          0x0080020c        0x0 c:/program files (x86)/atmel/atmel studio 6.0/extensions/atmel/avrgcc/3.4.0.65/avrtoolchain/bin/../lib/gcc/avr/4.6.2/avr6\libgcc.a(_copy_data.o)
 .data          0x0080020c        0x0 c:/program files (x86)/atmel/atmel studio 6.0/extensions/atmel/avrgcc/3.4.0.65/avrtoolchain/bin/../lib/gcc/avr/4.6.2/avr6\libgcc.a(_clear_bss.o)
 .data          0x0080020c        0x0 c:/program files (x86)/atmel/atmel studio 6.0/extensions/atmel/avrgcc/3.4.0.65/avrtoolchain/bin/../lib/gcc/avr/4.6.2/avr6\libgcc.a(_udivmodsi4.o)
 *(.data*)
 *(.rodata)
 *(.rodata*)
 *(.gnu.linkonce.d*)
                0x0080020c                . = ALIGN (0x2)
                0x0080020c                _edata = .
                0x0080020c                PROVIDE (__data_end, .)

.bss            0x0080020c       0x4a
                0x0080020c                PROVIDE (__bss_start, .)
 *(.bss)
 .bss           0x0080020c        0x0 c:/program files (x86)/atmel/atmel studio 6.0/extensions/atmel/avrgcc/3.4.0.65/avrtoolchain/bin/../lib/gcc/avr/4.6.2/../../../../avr/lib/avr6/crtm2560.o
 .bss           0x0080020c       0x26 GccApplication10.o
                0x0080020c                error
                0x00800210                para_flag
                0x00800212                para
                0x00800216                lastErr3
                0x0080021a                lastErr2
                0x0080021e                lastErr
                0x00800222                errSum
                0x00800226                lastTime3
                0x0080022a                lastTime2
                0x0080022e                lastTime
 .bss           0x00800232        0x0 c:/program files (x86)/atmel/atmel studio 6.0/extensions/atmel/avrgcc/3.4.0.65/avrtoolchain/bin/../lib/gcc/avr/4.6.2/../../../../avr/lib/avr6\libm.a(addsf3.o)
 .bss           0x00800232        0x0 c:/program files (x86)/atmel/atmel studio 6.0/extensions/atmel/avrgcc/3.4.0.65/avrtoolchain/bin/../lib/gcc/avr/4.6.2/../../../../avr/lib/avr6\libm.a(addsf3x.o)
 .bss           0x00800232        0x0 c:/program files (x86)/atmel/atmel studio 6.0/extensions/atmel/avrgcc/3.4.0.65/avrtoolchain/bin/../lib/gcc/avr/4.6.2/../../../../avr/lib/avr6\libm.a(atan.o)
 .bss           0x00800232        0x0 c:/program files (x86)/atmel/atmel studio 6.0/extensions/atmel/avrgcc/3.4.0.65/avrtoolchain/bin/../lib/gcc/avr/4.6.2/../../../../avr/lib/avr6\libm.a(cmpsf2.o)
 .bss           0x00800232        0x0 c:/program files (x86)/atmel/atmel studio 6.0/extensions/atmel/avrgcc/3.4.0.65/avrtoolchain/bin/../lib/gcc/avr/4.6.2/../../../../avr/lib/avr6\libm.a(divsf3.o)
 .bss           0x00800232        0x0 c:/program files (x86)/atmel/atmel studio 6.0/extensions/atmel/avrgcc/3.4.0.65/avrtoolchain/bin/../lib/gcc/avr/4.6.2/../../../../avr/lib/avr6\libm.a(divsf3x.o)
 .bss           0x00800232        0x0 c:/program files (x86)/atmel/atmel studio 6.0/extensions/atmel/avrgcc/3.4.0.65/avrtoolchain/bin/../lib/gcc/avr/4.6.2/../../../../avr/lib/avr6\libm.a(fixsfsi.o)
 .bss           0x00800232        0x0 c:/program files (x86)/atmel/atmel studio 6.0/extensions/atmel/avrgcc/3.4.0.65/avrtoolchain/bin/../lib/gcc/avr/4.6.2/../../../../avr/lib/avr6\libm.a(fixunssfsi.o)
 .bss           0x00800232        0x0 c:/program files (x86)/atmel/atmel studio 6.0/extensions/atmel/avrgcc/3.4.0.65/avrtoolchain/bin/../lib/gcc/avr/4.6.2/../../../../avr/lib/avr6\libm.a(floatsisf.o)
 .bss           0x00800232        0x0 c:/program files (x86)/atmel/atmel studio 6.0/extensions/atmel/avrgcc/3.4.0.65/avrtoolchain/bin/../lib/gcc/avr/4.6.2/../../../../avr/lib/avr6\libm.a(fp_cmp.o)
 .bss           0x00800232        0x0 c:/program files (x86)/atmel/atmel studio 6.0/extensions/atmel/avrgcc/3.4.0.65/avrtoolchain/bin/../lib/gcc/avr/4.6.2/../../../../avr/lib/avr6\libm.a(fp_inf.o)
 .bss           0x00800232        0x0 c:/program files (x86)/atmel/atmel studio 6.0/extensions/atmel/avrgcc/3.4.0.65/avrtoolchain/bin/../lib/gcc/avr/4.6.2/../../../../avr/lib/avr6\libm.a(fp_nan.o)
 .bss           0x00800232        0x0 c:/program files (x86)/atmel/atmel studio 6.0/extensions/atmel/avrgcc/3.4.0.65/avrtoolchain/bin/../lib/gcc/avr/4.6.2/../../../../avr/lib/avr6\libm.a(fp_powser.o)
 .bss           0x00800232        0x0 c:/program files (x86)/atmel/atmel studio 6.0/extensions/atmel/avrgcc/3.4.0.65/avrtoolchain/bin/../lib/gcc/avr/4.6.2/../../../../avr/lib/avr6\libm.a(fp_pscA.o)
 .bss           0x00800232        0x0 c:/program files (x86)/atmel/atmel studio 6.0/extensions/atmel/avrgcc/3.4.0.65/avrtoolchain/bin/../lib/gcc/avr/4.6.2/../../../../avr/lib/avr6\libm.a(fp_pscB.o)
 .bss           0x00800232        0x0 c:/program files (x86)/atmel/atmel studio 6.0/extensions/atmel/avrgcc/3.4.0.65/avrtoolchain/bin/../lib/gcc/avr/4.6.2/../../../../avr/lib/avr6\libm.a(fp_round.o)
 .bss           0x00800232        0x0 c:/program files (x86)/atmel/atmel studio 6.0/extensions/atmel/avrgcc/3.4.0.65/avrtoolchain/bin/../lib/gcc/avr/4.6.2/../../../../avr/lib/avr6\libm.a(fp_split3.o)
 .bss           0x00800232        0x0 c:/program files (x86)/atmel/atmel studio 6.0/extensions/atmel/avrgcc/3.4.0.65/avrtoolchain/bin/../lib/gcc/avr/4.6.2/../../../../avr/lib/avr6\libm.a(fp_zero.o)
 .bss           0x00800232        0x0 c:/program files (x86)/atmel/atmel studio 6.0/extensions/atmel/avrgcc/3.4.0.65/avrtoolchain/bin/../lib/gcc/avr/4.6.2/../../../../avr/lib/avr6\libm.a(gesf2.o)
 .bss           0x00800232        0x0 c:/program files (x86)/atmel/atmel studio 6.0/extensions/atmel/avrgcc/3.4.0.65/avrtoolchain/bin/../lib/gcc/avr/4.6.2/../../../../avr/lib/avr6\libm.a(inverse.o)
 .bss           0x00800232        0x0 c:/program files (x86)/atmel/atmel studio 6.0/extensions/atmel/avrgcc/3.4.0.65/avrtoolchain/bin/../lib/gcc/avr/4.6.2/../../../../avr/lib/avr6\libm.a(mulsf3.o)
 .bss           0x00800232        0x0 c:/program files (x86)/atmel/atmel studio 6.0/extensions/atmel/avrgcc/3.4.0.65/avrtoolchain/bin/../lib/gcc/avr/4.6.2/../../../../avr/lib/avr6\libm.a(mulsf3x.o)
 .bss           0x00800232        0x0 c:/program files (x86)/atmel/atmel studio 6.0/extensions/atmel/avrgcc/3.4.0.65/avrtoolchain/bin/../lib/gcc/avr/4.6.2/../../../../avr/lib/avr6\libm.a(square.o)
 .bss           0x00800232        0x0 c:/program files (x86)/atmel/atmel studio 6.0/extensions/atmel/avrgcc/3.4.0.65/avrtoolchain/bin/../lib/gcc/avr/4.6.2/avr6\libgcc.a(_udivmodhi4.o)
 .bss           0x00800232        0x0 c:/program files (x86)/atmel/atmel studio 6.0/extensions/atmel/avrgcc/3.4.0.65/avrtoolchain/bin/../lib/gcc/avr/4.6.2/avr6\libgcc.a(_divmodsi4.o)
 .bss           0x00800232        0x0 c:/program files (x86)/atmel/atmel studio 6.0/extensions/atmel/avrgcc/3.4.0.65/avrtoolchain/bin/../lib/gcc/avr/4.6.2/avr6\libgcc.a(_exit.o)
 .bss           0x00800232        0x0 c:/program files (x86)/atmel/atmel studio 6.0/extensions/atmel/avrgcc/3.4.0.65/avrtoolchain/bin/../lib/gcc/avr/4.6.2/avr6\libgcc.a(_copy_data.o)
 .bss           0x00800232        0x0 c:/program files (x86)/atmel/atmel studio 6.0/extensions/atmel/avrgcc/3.4.0.65/avrtoolchain/bin/../lib/gcc/avr/4.6.2/avr6\libgcc.a(_clear_bss.o)
 .bss           0x00800232        0x0 c:/program files (x86)/atmel/atmel studio 6.0/extensions/atmel/avrgcc/3.4.0.65/avrtoolchain/bin/../lib/gcc/avr/4.6.2/avr6\libgcc.a(_udivmodsi4.o)
 *(.bss*)
 *(COMMON)
 COMMON         0x00800232       0x24 GccApplication10.o
                0x00800232                kd
                0x00800236                million
                0x00800238                temp
                0x0080023a                i
                0x0080023c                tot_overflow
                0x0080023d                Output
                0x00800241                tens
                0x00800243                ki
                0x00800247                data
                0x00800248                hundred
                0x0080024a                Input
                0x0080024e                unit
                0x00800250                thousand
                0x00800252                kp
                0x00800256                PROVIDE (__bss_end, .)
                0x000015f4                __data_load_start = LOADADDR (.data)
                0x00001600                __data_load_end = (__data_load_start + SIZEOF (.data))

.noinit         0x00800256        0x0
                0x00800256                PROVIDE (__noinit_start, .)
 *(.noinit*)
                0x00800256                PROVIDE (__noinit_end, .)
                0x00800256                _end = .
                0x00800256                PROVIDE (__heap_start, .)

.eeprom         0x00810000        0x0
 *(.eeprom*)
                0x00810000                __eeprom_end = .

.fuse
 *(.fuse)
 *(.lfuse)
 *(.hfuse)
 *(.efuse)

.lock
 *(.lock*)

.signature
 *(.signature*)

.stab           0x00000000     0x2934
 *(.stab)
 .stab          0x00000000      0x6e4 c:/program files (x86)/atmel/atmel studio 6.0/extensions/atmel/avrgcc/3.4.0.65/avrtoolchain/bin/../lib/gcc/avr/4.6.2/../../../../avr/lib/avr6/crtm2560.o
 .stab          0x000006e4       0x78 c:/program files (x86)/atmel/atmel studio 6.0/extensions/atmel/avrgcc/3.4.0.65/avrtoolchain/bin/../lib/gcc/avr/4.6.2/../../../../avr/lib/avr6\libm.a(addsf3.o)
                                 0x84 (size before relaxing)
 .stab          0x0000075c      0x4bc c:/program files (x86)/atmel/atmel studio 6.0/extensions/atmel/avrgcc/3.4.0.65/avrtoolchain/bin/../lib/gcc/avr/4.6.2/../../../../avr/lib/avr6\libm.a(addsf3x.o)
                                0x4c8 (size before relaxing)
 .stab          0x00000c18      0x210 c:/program files (x86)/atmel/atmel studio 6.0/extensions/atmel/avrgcc/3.4.0.65/avrtoolchain/bin/../lib/gcc/avr/4.6.2/../../../../avr/lib/avr6\libm.a(atan.o)
                                0x21c (size before relaxing)
 .stab          0x00000e28       0x90 c:/program files (x86)/atmel/atmel studio 6.0/extensions/atmel/avrgcc/3.4.0.65/avrtoolchain/bin/../lib/gcc/avr/4.6.2/../../../../avr/lib/avr6\libm.a(cmpsf2.o)
                                 0x9c (size before relaxing)
 .stab          0x00000eb8       0x48 c:/program files (x86)/atmel/atmel studio 6.0/extensions/atmel/avrgcc/3.4.0.65/avrtoolchain/bin/../lib/gcc/avr/4.6.2/../../../../avr/lib/avr6\libm.a(divsf3.o)
                                 0x54 (size before relaxing)
 .stab          0x00000f00      0x510 c:/program files (x86)/atmel/atmel studio 6.0/extensions/atmel/avrgcc/3.4.0.65/avrtoolchain/bin/../lib/gcc/avr/4.6.2/../../../../avr/lib/avr6\libm.a(divsf3x.o)
                                0x51c (size before relaxing)
 .stab          0x00001410       0x6c c:/program files (x86)/atmel/atmel studio 6.0/extensions/atmel/avrgcc/3.4.0.65/avrtoolchain/bin/../lib/gcc/avr/4.6.2/../../../../avr/lib/avr6\libm.a(fixsfsi.o)
                                 0x78 (size before relaxing)
 .stab          0x0000147c      0x240 c:/program files (x86)/atmel/atmel studio 6.0/extensions/atmel/avrgcc/3.4.0.65/avrtoolchain/bin/../lib/gcc/avr/4.6.2/../../../../avr/lib/avr6\libm.a(fixunssfsi.o)
                                0x24c (size before relaxing)
 .stab          0x000016bc      0x318 c:/program files (x86)/atmel/atmel studio 6.0/extensions/atmel/avrgcc/3.4.0.65/avrtoolchain/bin/../lib/gcc/avr/4.6.2/../../../../avr/lib/avr6\libm.a(floatsisf.o)
                                0x324 (size before relaxing)
 .stab          0x000019d4      0x1e0 c:/program files (x86)/atmel/atmel studio 6.0/extensions/atmel/avrgcc/3.4.0.65/avrtoolchain/bin/../lib/gcc/avr/4.6.2/../../../../avr/lib/avr6\libm.a(fp_cmp.o)
                                0x1ec (size before relaxing)
 .stab          0x00001bb4       0x78 c:/program files (x86)/atmel/atmel studio 6.0/extensions/atmel/avrgcc/3.4.0.65/avrtoolchain/bin/../lib/gcc/avr/4.6.2/../../../../avr/lib/avr6\libm.a(fp_inf.o)
                                 0x84 (size before relaxing)
 .stab          0x00001c2c       0x54 c:/program files (x86)/atmel/atmel studio 6.0/extensions/atmel/avrgcc/3.4.0.65/avrtoolchain/bin/../lib/gcc/avr/4.6.2/../../../../avr/lib/avr6\libm.a(fp_nan.o)
                                 0x60 (size before relaxing)
 .stab          0x00001c80      0x1ec c:/program files (x86)/atmel/atmel studio 6.0/extensions/atmel/avrgcc/3.4.0.65/avrtoolchain/bin/../lib/gcc/avr/4.6.2/../../../../avr/lib/avr6\libm.a(fp_powser.o)
                                0x1f8 (size before relaxing)
 .stab          0x00001e6c       0x84 c:/program files (x86)/atmel/atmel studio 6.0/extensions/atmel/avrgcc/3.4.0.65/avrtoolchain/bin/../lib/gcc/avr/4.6.2/../../../../avr/lib/avr6\libm.a(fp_pscA.o)
                                 0x90 (size before relaxing)
 .stab          0x00001ef0       0x84 c:/program files (x86)/atmel/atmel studio 6.0/extensions/atmel/avrgcc/3.4.0.65/avrtoolchain/bin/../lib/gcc/avr/4.6.2/../../../../avr/lib/avr6\libm.a(fp_pscB.o)
                                 0x90 (size before relaxing)
 .stab          0x00001f74       0xfc c:/program files (x86)/atmel/atmel studio 6.0/extensions/atmel/avrgcc/3.4.0.65/avrtoolchain/bin/../lib/gcc/avr/4.6.2/../../../../avr/lib/avr6\libm.a(fp_round.o)
                                0x108 (size before relaxing)
 .stab          0x00002070      0x1d4 c:/program files (x86)/atmel/atmel studio 6.0/extensions/atmel/avrgcc/3.4.0.65/avrtoolchain/bin/../lib/gcc/avr/4.6.2/../../../../avr/lib/avr6\libm.a(fp_split3.o)
                                0x1e0 (size before relaxing)
 .stab          0x00002244       0x90 c:/program files (x86)/atmel/atmel studio 6.0/extensions/atmel/avrgcc/3.4.0.65/avrtoolchain/bin/../lib/gcc/avr/4.6.2/../../../../avr/lib/avr6\libm.a(fp_zero.o)
                                 0x9c (size before relaxing)
 .stab          0x000022d4       0x6c c:/program files (x86)/atmel/atmel studio 6.0/extensions/atmel/avrgcc/3.4.0.65/avrtoolchain/bin/../lib/gcc/avr/4.6.2/../../../../avr/lib/avr6\libm.a(gesf2.o)
                                 0x78 (size before relaxing)
 .stab          0x00002340       0x84 c:/program files (x86)/atmel/atmel studio 6.0/extensions/atmel/avrgcc/3.4.0.65/avrtoolchain/bin/../lib/gcc/avr/4.6.2/../../../../avr/lib/avr6\libm.a(inverse.o)
                                 0x90 (size before relaxing)
 .stab          0x000023c4       0x48 c:/program files (x86)/atmel/atmel studio 6.0/extensions/atmel/avrgcc/3.4.0.65/avrtoolchain/bin/../lib/gcc/avr/4.6.2/../../../../avr/lib/avr6\libm.a(mulsf3.o)
                                 0x54 (size before relaxing)
 .stab          0x0000240c      0x4d4 c:/program files (x86)/atmel/atmel studio 6.0/extensions/atmel/avrgcc/3.4.0.65/avrtoolchain/bin/../lib/gcc/avr/4.6.2/../../../../avr/lib/avr6\libm.a(mulsf3x.o)
                                0x4e0 (size before relaxing)
 .stab          0x000028e0       0x54 c:/program files (x86)/atmel/atmel studio 6.0/extensions/atmel/avrgcc/3.4.0.65/avrtoolchain/bin/../lib/gcc/avr/4.6.2/../../../../avr/lib/avr6\libm.a(square.o)
                                 0x60 (size before relaxing)

.stabstr        0x00000000      0x950
 *(.stabstr)
 .stabstr       0x00000000      0x950 c:/program files (x86)/atmel/atmel studio 6.0/extensions/atmel/avrgcc/3.4.0.65/avrtoolchain/bin/../lib/gcc/avr/4.6.2/../../../../avr/lib/avr6/crtm2560.o

.stab.excl
 *(.stab.excl)

.stab.exclstr
 *(.stab.exclstr)

.stab.index
 *(.stab.index)

.stab.indexstr
 *(.stab.indexstr)

.comment
 *(.comment)

.debug
 *(.debug)

.line
 *(.line)

.debug_srcinfo
 *(.debug_srcinfo)

.debug_sfnames
 *(.debug_sfnames)

.debug_aranges  0x00000000       0xe0
 *(.debug_aranges)
 .debug_aranges
                0x00000000       0x20 GccApplication10.o
 .debug_aranges
                0x00000020       0x20 c:/program files (x86)/atmel/atmel studio 6.0/extensions/atmel/avrgcc/3.4.0.65/avrtoolchain/bin/../lib/gcc/avr/4.6.2/avr6\libgcc.a(_udivmodhi4.o)
 .debug_aranges
                0x00000040       0x20 c:/program files (x86)/atmel/atmel studio 6.0/extensions/atmel/avrgcc/3.4.0.65/avrtoolchain/bin/../lib/gcc/avr/4.6.2/avr6\libgcc.a(_divmodsi4.o)
 .debug_aranges
                0x00000060       0x20 c:/program files (x86)/atmel/atmel studio 6.0/extensions/atmel/avrgcc/3.4.0.65/avrtoolchain/bin/../lib/gcc/avr/4.6.2/avr6\libgcc.a(_exit.o)
 .debug_aranges
                0x00000080       0x20 c:/program files (x86)/atmel/atmel studio 6.0/extensions/atmel/avrgcc/3.4.0.65/avrtoolchain/bin/../lib/gcc/avr/4.6.2/avr6\libgcc.a(_copy_data.o)
 .debug_aranges
                0x000000a0       0x20 c:/program files (x86)/atmel/atmel studio 6.0/extensions/atmel/avrgcc/3.4.0.65/avrtoolchain/bin/../lib/gcc/avr/4.6.2/avr6\libgcc.a(_clear_bss.o)
 .debug_aranges
                0x000000c0       0x20 c:/program files (x86)/atmel/atmel studio 6.0/extensions/atmel/avrgcc/3.4.0.65/avrtoolchain/bin/../lib/gcc/avr/4.6.2/avr6\libgcc.a(_udivmodsi4.o)

.debug_pubnames
 *(.debug_pubnames)

.debug_info     0x00000000     0x141c
 *(.debug_info)
 .debug_info    0x00000000      0xeee GccApplication10.o
 .debug_info    0x00000eee       0xdd c:/program files (x86)/atmel/atmel studio 6.0/extensions/atmel/avrgcc/3.4.0.65/avrtoolchain/bin/../lib/gcc/avr/4.6.2/avr6\libgcc.a(_udivmodhi4.o)
 .debug_info    0x00000fcb       0xdd c:/program files (x86)/atmel/atmel studio 6.0/extensions/atmel/avrgcc/3.4.0.65/avrtoolchain/bin/../lib/gcc/avr/4.6.2/avr6\libgcc.a(_divmodsi4.o)
 .debug_info    0x000010a8       0xdd c:/program files (x86)/atmel/atmel studio 6.0/extensions/atmel/avrgcc/3.4.0.65/avrtoolchain/bin/../lib/gcc/avr/4.6.2/avr6\libgcc.a(_exit.o)
 .debug_info    0x00001185       0xdd c:/program files (x86)/atmel/atmel studio 6.0/extensions/atmel/avrgcc/3.4.0.65/avrtoolchain/bin/../lib/gcc/avr/4.6.2/avr6\libgcc.a(_copy_data.o)
 .debug_info    0x00001262       0xdd c:/program files (x86)/atmel/atmel studio 6.0/extensions/atmel/avrgcc/3.4.0.65/avrtoolchain/bin/../lib/gcc/avr/4.6.2/avr6\libgcc.a(_clear_bss.o)
 .debug_info    0x0000133f       0xdd c:/program files (x86)/atmel/atmel studio 6.0/extensions/atmel/avrgcc/3.4.0.65/avrtoolchain/bin/../lib/gcc/avr/4.6.2/avr6\libgcc.a(_udivmodsi4.o)
 *(.gnu.linkonce.wi.*)

.debug_abbrev   0x00000000      0x377
 *(.debug_abbrev)
 .debug_abbrev  0x00000000      0x2ff GccApplication10.o
 .debug_abbrev  0x000002ff       0x14 c:/program files (x86)/atmel/atmel studio 6.0/extensions/atmel/avrgcc/3.4.0.65/avrtoolchain/bin/../lib/gcc/avr/4.6.2/avr6\libgcc.a(_udivmodhi4.o)
 .debug_abbrev  0x00000313       0x14 c:/program files (x86)/atmel/atmel studio 6.0/extensions/atmel/avrgcc/3.4.0.65/avrtoolchain/bin/../lib/gcc/avr/4.6.2/avr6\libgcc.a(_divmodsi4.o)
 .debug_abbrev  0x00000327       0x14 c:/program files (x86)/atmel/atmel studio 6.0/extensions/atmel/avrgcc/3.4.0.65/avrtoolchain/bin/../lib/gcc/avr/4.6.2/avr6\libgcc.a(_exit.o)
 .debug_abbrev  0x0000033b       0x14 c:/program files (x86)/atmel/atmel studio 6.0/extensions/atmel/avrgcc/3.4.0.65/avrtoolchain/bin/../lib/gcc/avr/4.6.2/avr6\libgcc.a(_copy_data.o)
 .debug_abbrev  0x0000034f       0x14 c:/program files (x86)/atmel/atmel studio 6.0/extensions/atmel/avrgcc/3.4.0.65/avrtoolchain/bin/../lib/gcc/avr/4.6.2/avr6\libgcc.a(_clear_bss.o)
 .debug_abbrev  0x00000363       0x14 c:/program files (x86)/atmel/atmel studio 6.0/extensions/atmel/avrgcc/3.4.0.65/avrtoolchain/bin/../lib/gcc/avr/4.6.2/avr6\libgcc.a(_udivmodsi4.o)

.debug_line     0x00000000      0x816
 *(.debug_line)
 .debug_line    0x00000000      0x48a GccApplication10.o
 .debug_line    0x0000048a       0x9a c:/program files (x86)/atmel/atmel studio 6.0/extensions/atmel/avrgcc/3.4.0.65/avrtoolchain/bin/../lib/gcc/avr/4.6.2/avr6\libgcc.a(_udivmodhi4.o)
 .debug_line    0x00000524       0xa1 c:/program files (x86)/atmel/atmel studio 6.0/extensions/atmel/avrgcc/3.4.0.65/avrtoolchain/bin/../lib/gcc/avr/4.6.2/avr6\libgcc.a(_divmodsi4.o)
 .debug_line    0x000005c5       0x88 c:/program files (x86)/atmel/atmel studio 6.0/extensions/atmel/avrgcc/3.4.0.65/avrtoolchain/bin/../lib/gcc/avr/4.6.2/avr6\libgcc.a(_exit.o)
 .debug_line    0x0000064d       0x93 c:/program files (x86)/atmel/atmel studio 6.0/extensions/atmel/avrgcc/3.4.0.65/avrtoolchain/bin/../lib/gcc/avr/4.6.2/avr6\libgcc.a(_copy_data.o)
 .debug_line    0x000006e0       0x8e c:/program files (x86)/atmel/atmel studio 6.0/extensions/atmel/avrgcc/3.4.0.65/avrtoolchain/bin/../lib/gcc/avr/4.6.2/avr6\libgcc.a(_clear_bss.o)
 .debug_line    0x0000076e       0xa8 c:/program files (x86)/atmel/atmel studio 6.0/extensions/atmel/avrgcc/3.4.0.65/avrtoolchain/bin/../lib/gcc/avr/4.6.2/avr6\libgcc.a(_udivmodsi4.o)

.debug_frame    0x00000000      0x418
 *(.debug_frame)
 .debug_frame   0x00000000      0x418 GccApplication10.o

.debug_str      0x00000000      0x42c
 *(.debug_str)
 .debug_str     0x00000000      0x42c GccApplication10.o
                                0x486 (size before relaxing)

.debug_loc      0x00000000      0xae9
 *(.debug_loc)
 .debug_loc     0x00000000      0xae9 GccApplication10.o

.debug_macinfo
 *(.debug_macinfo)
OUTPUT(GccApplication10.elf elf32-avr)
LOAD linker stubs
